// Jest Snapshot v1, https://goo.gl/fbAQLP

exports[`Header -> Custom Component yalnızca başlık çalışmalı ve snapshot eşleşmeli 1`] = `
<View
  minHeight={56}
  paddingVertical={0}
  style={
    {
      "alignItems": "center",
      "backgroundColor": undefined,
      "borderBottomEndRadius": undefined,
      "borderBottomStartRadius": undefined,
      "borderRadius": undefined,
      "borderTopEndRadius": undefined,
      "borderTopStartRadius": undefined,
      "bottom": undefined,
      "flex": undefined,
      "flexDirection": "column",
      "flexGrow": undefined,
      "gap": undefined,
      "height": undefined,
      "justifyContent": "center",
      "left": undefined,
      "marginBottom": undefined,
      "marginLeft": undefined,
      "marginRight": undefined,
      "marginTop": undefined,
      "maxHeight": undefined,
      "maxWidth": undefined,
      "minHeight": 108,
      "minWidth": undefined,
      "overflow": undefined,
      "paddingBottom": undefined,
      "paddingHorizontal": 46,
      "paddingLeft": undefined,
      "paddingRight": undefined,
      "paddingTop": undefined,
      "paddingVertical": 0,
      "position": undefined,
      "right": undefined,
      "top": undefined,
      "width": undefined,
      "zIndex": undefined,
    }
  }
  testID="header-test-id"
>
  <View
    height={56}
    style={
      {
        "alignItems": undefined,
        "backgroundColor": undefined,
        "bottom": undefined,
        "flex": undefined,
        "flexDirection": "row",
        "flexGrow": undefined,
        "gap": undefined,
        "height": 108,
        "justifyContent": undefined,
        "left": undefined,
        "marginBottom": undefined,
        "marginLeft": undefined,
        "marginRight": undefined,
        "marginTop": undefined,
        "maxHeight": 108,
        "maxWidth": undefined,
        "minHeight": undefined,
        "minWidth": undefined,
        "overflow": undefined,
        "paddingBottom": undefined,
        "paddingHorizontal": undefined,
        "paddingLeft": undefined,
        "paddingRight": undefined,
        "paddingTop": undefined,
        "paddingVertical": undefined,
        "position": undefined,
        "right": undefined,
        "top": undefined,
        "width": undefined,
        "zIndex": undefined,
      }
    }
  >
    <View
      flexShrink={1}
      height={56}
      justifyContentCenter={true}
      minWidth={56}
      relative={true}
      style={
        {
          "alignItems": undefined,
          "backgroundColor": undefined,
          "bottom": undefined,
          "flex": undefined,
          "flexDirection": "column",
          "flexGrow": undefined,
          "gap": undefined,
          "height": 108,
          "justifyContent": "center",
          "left": undefined,
          "marginBottom": undefined,
          "marginLeft": undefined,
          "marginRight": undefined,
          "marginTop": undefined,
          "maxHeight": 108,
          "maxWidth": undefined,
          "minHeight": undefined,
          "minWidth": 108,
          "overflow": undefined,
          "paddingBottom": undefined,
          "paddingHorizontal": undefined,
          "paddingLeft": undefined,
          "paddingRight": undefined,
          "paddingTop": undefined,
          "paddingVertical": undefined,
          "position": "relative",
          "right": undefined,
          "top": undefined,
          "width": undefined,
          "zIndex": undefined,
        }
      }
    >
      <View
        accessibilityState={
          {
            "busy": undefined,
            "checked": undefined,
            "disabled": undefined,
            "expanded": undefined,
            "selected": undefined,
          }
        }
        accessibilityValue={
          {
            "max": undefined,
            "min": undefined,
            "now": undefined,
            "text": undefined,
          }
        }
        accessible={true}
        alignItemsCenter={false}
        alignItemsFlexStart={true}
        animated={false}
        collapsable={false}
        focusable={true}
        height={56}
        justifyContentCenter={true}
        minWidth={56}
        onBlur={[Function]}
        onClick={[Function]}
        onFocus={[Function]}
        onResponderGrant={[Function]}
        onResponderMove={[Function]}
        onResponderRelease={[Function]}
        onResponderTerminate={[Function]}
        onResponderTerminationRequest={[Function]}
        onStartShouldSetResponder={[Function]}
        style={
          {
            "alignItems": "flex-start",
            "backgroundColor": undefined,
            "bottom": undefined,
            "flex": 1,
            "flexDirection": "column",
            "flexGrow": undefined,
            "gap": undefined,
            "height": 108,
            "justifyContent": "center",
            "left": undefined,
            "marginBottom": undefined,
            "marginLeft": undefined,
            "marginRight": undefined,
            "marginTop": undefined,
            "maxHeight": 108,
            "maxWidth": undefined,
            "minHeight": undefined,
            "minWidth": 108,
            "overflow": undefined,
            "paddingBottom": undefined,
            "paddingHorizontal": undefined,
            "paddingLeft": undefined,
            "paddingRight": undefined,
            "paddingTop": undefined,
            "paddingVertical": undefined,
            "position": undefined,
            "right": undefined,
            "top": undefined,
            "width": 108,
            "zIndex": undefined,
          }
        }
        testID="header-left-pressable-test-id"
        width={56}
      />
    </View>
    <View
      alignItemsCenter={true}
      flex={1}
      height={56}
      justifyContentCenter={true}
      minWidth={56}
      relative={true}
      style={
        {
          "alignItems": "center",
          "backgroundColor": undefined,
          "bottom": undefined,
          "flex": 1,
          "flexDirection": "column",
          "flexGrow": undefined,
          "gap": undefined,
          "height": 108,
          "justifyContent": "center",
          "left": undefined,
          "marginBottom": undefined,
          "marginLeft": undefined,
          "marginRight": undefined,
          "marginTop": undefined,
          "maxHeight": 108,
          "maxWidth": undefined,
          "minHeight": undefined,
          "minWidth": 108,
          "overflow": undefined,
          "paddingBottom": undefined,
          "paddingHorizontal": undefined,
          "paddingLeft": undefined,
          "paddingRight": undefined,
          "paddingTop": undefined,
          "paddingVertical": undefined,
          "position": "relative",
          "right": undefined,
          "top": undefined,
          "width": undefined,
          "zIndex": undefined,
        }
      }
    >
      <Text
        justifyContentCenter={true}
        numberOfLines={1}
        style={
          {
            "backgroundColor": undefined,
            "bottom": undefined,
            "color": "rgba(255, 255, 255, 1)",
            "flexGrow": undefined,
            "fontFamily": "Markpro-Bold",
            "fontSize": 16,
            "fontWeight": undefined,
            "gap": undefined,
            "height": undefined,
            "left": undefined,
            "letterSpacing": undefined,
            "marginBottom": undefined,
            "marginLeft": undefined,
            "marginRight": undefined,
            "marginTop": undefined,
            "maxHeight": undefined,
            "maxWidth": undefined,
            "minHeight": undefined,
            "minWidth": undefined,
            "overflow": undefined,
            "paddingBottom": undefined,
            "paddingHorizontal": undefined,
            "paddingLeft": undefined,
            "paddingRight": undefined,
            "paddingTop": undefined,
            "paddingVertical": undefined,
            "position": undefined,
            "right": undefined,
            "textAlign": "center",
            "top": undefined,
            "width": undefined,
            "zIndex": undefined,
          }
        }
        testID="header-title-test-id"
      >
        Test Başlık
      </Text>
    </View>
    <View
      alignItemsFlexEnd={true}
      flexShrink={1}
      height={56}
      justifyContentCenter={true}
      minWidth={56}
      relative={true}
      style={
        {
          "alignItems": "flex-end",
          "backgroundColor": undefined,
          "bottom": undefined,
          "flex": undefined,
          "flexDirection": "column",
          "flexGrow": undefined,
          "gap": undefined,
          "height": 108,
          "justifyContent": "center",
          "left": undefined,
          "marginBottom": undefined,
          "marginLeft": undefined,
          "marginRight": undefined,
          "marginTop": undefined,
          "maxHeight": 108,
          "maxWidth": undefined,
          "minHeight": undefined,
          "minWidth": 108,
          "overflow": undefined,
          "paddingBottom": undefined,
          "paddingHorizontal": undefined,
          "paddingLeft": undefined,
          "paddingRight": undefined,
          "paddingTop": undefined,
          "paddingVertical": undefined,
          "position": "relative",
          "right": undefined,
          "top": undefined,
          "width": undefined,
          "zIndex": undefined,
        }
      }
    >
      <View
        accessibilityState={
          {
            "busy": undefined,
            "checked": undefined,
            "disabled": undefined,
            "expanded": undefined,
            "selected": undefined,
          }
        }
        accessibilityValue={
          {
            "max": undefined,
            "min": undefined,
            "now": undefined,
            "text": undefined,
          }
        }
        accessible={true}
        alignItemsCenter={false}
        alignItemsFlexEnd={true}
        alignItemsFlexStart={true}
        animated={false}
        collapsable={false}
        focusable={true}
        height={56}
        justifyContentCenter={true}
        minWidth={56}
        onBlur={[Function]}
        onClick={[Function]}
        onFocus={[Function]}
        onResponderGrant={[Function]}
        onResponderMove={[Function]}
        onResponderRelease={[Function]}
        onResponderTerminate={[Function]}
        onResponderTerminationRequest={[Function]}
        onStartShouldSetResponder={[Function]}
        style={
          {
            "alignItems": "flex-end",
            "backgroundColor": undefined,
            "bottom": undefined,
            "flex": 1,
            "flexDirection": "column",
            "flexGrow": undefined,
            "gap": undefined,
            "height": 108,
            "justifyContent": "center",
            "left": undefined,
            "marginBottom": undefined,
            "marginLeft": undefined,
            "marginRight": undefined,
            "marginTop": undefined,
            "maxHeight": 108,
            "maxWidth": undefined,
            "minHeight": undefined,
            "minWidth": 108,
            "overflow": undefined,
            "paddingBottom": undefined,
            "paddingHorizontal": undefined,
            "paddingLeft": undefined,
            "paddingRight": undefined,
            "paddingTop": undefined,
            "paddingVertical": undefined,
            "position": undefined,
            "right": undefined,
            "top": undefined,
            "width": undefined,
            "zIndex": undefined,
          }
        }
        testID="header-right-pressable-test-id"
      />
    </View>
  </View>
</View>
`;
