// Jest Snapshot v1, https://goo.gl/fbAQLP

exports[`Toggle -> Custom Component toggle ilk render anında snapshot ile eşleşmeli 1`] = `
<View
  alignItemsCenter={true}
  height={32}
  maxHeight={32}
  maxWidth={64}
  style={
    {
      "alignItems": "center",
      "backgroundColor": undefined,
      "bottom": undefined,
      "flex": undefined,
      "flexDirection": "row",
      "flexGrow": undefined,
      "gap": undefined,
      "height": 62,
      "justifyContent": undefined,
      "left": undefined,
      "marginBottom": undefined,
      "marginLeft": undefined,
      "marginRight": undefined,
      "marginTop": undefined,
      "maxHeight": 62,
      "maxWidth": 123,
      "minHeight": undefined,
      "minWidth": undefined,
      "overflow": undefined,
      "paddingBottom": undefined,
      "paddingHorizontal": undefined,
      "paddingLeft": undefined,
      "paddingRight": undefined,
      "paddingTop": undefined,
      "paddingVertical": undefined,
      "position": undefined,
      "right": undefined,
      "top": undefined,
      "width": 123,
      "zIndex": undefined,
    }
  }
  width={64}
>
  <View
    accessibilityState={
      {
        "busy": undefined,
        "checked": undefined,
        "disabled": undefined,
        "expanded": undefined,
        "selected": undefined,
      }
    }
    accessibilityValue={
      {
        "max": undefined,
        "min": undefined,
        "now": undefined,
        "text": undefined,
      }
    }
    accessible={true}
    animated={false}
    collapsable={false}
    focusable={true}
    onBlur={[Function]}
    onClick={[Function]}
    onFocus={[Function]}
    onResponderGrant={[Function]}
    onResponderMove={[Function]}
    onResponderRelease={[Function]}
    onResponderTerminate={[Function]}
    onResponderTerminationRequest={[Function]}
    onStartShouldSetResponder={[Function]}
    style={
      {
        "alignItems": undefined,
        "backgroundColor": undefined,
        "bottom": undefined,
        "flex": 1,
        "flexDirection": "column",
        "flexGrow": undefined,
        "gap": undefined,
        "height": undefined,
        "justifyContent": undefined,
        "left": undefined,
        "marginBottom": undefined,
        "marginLeft": undefined,
        "marginRight": undefined,
        "marginTop": undefined,
        "maxHeight": undefined,
        "maxWidth": undefined,
        "minHeight": undefined,
        "minWidth": undefined,
        "overflow": undefined,
        "paddingBottom": undefined,
        "paddingHorizontal": undefined,
        "paddingLeft": undefined,
        "paddingRight": undefined,
        "paddingTop": undefined,
        "paddingVertical": undefined,
        "position": undefined,
        "right": undefined,
        "top": undefined,
        "width": undefined,
        "zIndex": undefined,
      }
    }
    testID="toggle-container-test-id"
  >
    <View
      collapsable={false}
      style={
        {
          "backgroundColor": "rgba(161, 173, 175, 1)",
          "borderRadius": 16,
          "height": 62,
          "justifyContent": "center",
          "width": 123,
        }
      }
      testID="toggle-test-id"
    >
      <View
        collapsable={false}
        style={
          {
            "backgroundColor": "rgba(255, 255, 255, 1)",
            "borderColor": "rgba(34, 63, 70, 0.15)",
            "borderRadius": 24,
            "borderWidth": 4,
            "height": 44,
            "marginLeft": 8,
            "width": 44,
          }
        }
      />
    </View>
  </View>
</View>
`;
