// Jest Snapshot v1, https://goo.gl/fbAQLP

exports[`Image -> Custom Component image elementi snapshot ile eşleşmeli 1`] = `
<Image
  height={50}
  style={
    {
      "backgroundColor": undefined,
      "borderRadius": 50,
      "bottom": undefined,
      "flexGrow": undefined,
      "gap": undefined,
      "height": 96,
      "left": undefined,
      "marginBottom": undefined,
      "marginLeft": undefined,
      "marginRight": undefined,
      "marginTop": undefined,
      "maxHeight": 96,
      "maxWidth": undefined,
      "minHeight": undefined,
      "minWidth": undefined,
      "overflow": undefined,
      "paddingBottom": undefined,
      "paddingHorizontal": undefined,
      "paddingLeft": undefined,
      "paddingRight": undefined,
      "paddingTop": undefined,
      "paddingVertical": undefined,
      "position": undefined,
      "resizeMode": "contain",
      "right": undefined,
      "top": undefined,
      "width": 96,
      "zIndex": undefined,
    }
  }
  testID="image-test-id"
  width={50}
/>
`;
