// Jest Snapshot v1, https://goo.gl/fbAQLP

exports[`Separator -> Custom Component separator component render olmalı ve snapshot eşleşmeli 1`] = `
<View
  style={
    {
      "backgroundColor": "rgba(0, 0, 0, 0)",
      "bottom": undefined,
      "flexGrow": undefined,
      "gap": undefined,
      "height": 2,
      "left": undefined,
      "marginBottom": undefined,
      "marginLeft": undefined,
      "marginRight": undefined,
      "marginTop": undefined,
      "maxHeight": 2,
      "maxWidth": undefined,
      "minHeight": undefined,
      "minWidth": undefined,
      "opacity": 1,
      "overflow": undefined,
      "paddingBottom": undefined,
      "paddingHorizontal": undefined,
      "paddingLeft": undefined,
      "paddingRight": undefined,
      "paddingTop": undefined,
      "paddingVertical": undefined,
      "position": undefined,
      "right": undefined,
      "top": undefined,
      "width": 2,
      "zIndex": undefined,
    }
  }
/>
`;
