// Jest Snapshot v1, https://goo.gl/fbAQLP

exports[`EmptyState -> Custom Component ilk render anında snapshot ile eşleşmeli 1`] = `
<View
  alignItemsCenter={true}
  justifyContentCenter={true}
  style={
    {
      "alignItems": "center",
      "backgroundColor": undefined,
      "bottom": undefined,
      "flex": undefined,
      "flexDirection": "column",
      "flexGrow": undefined,
      "gap": undefined,
      "height": undefined,
      "justifyContent": "center",
      "left": undefined,
      "marginBottom": undefined,
      "marginLeft": undefined,
      "marginRight": undefined,
      "marginTop": undefined,
      "maxHeight": undefined,
      "maxWidth": undefined,
      "minHeight": undefined,
      "minWidth": undefined,
      "overflow": undefined,
      "paddingBottom": undefined,
      "paddingHorizontal": undefined,
      "paddingLeft": undefined,
      "paddingRight": undefined,
      "paddingTop": undefined,
      "paddingVertical": undefined,
      "position": undefined,
      "right": undefined,
      "top": undefined,
      "width": undefined,
      "zIndex": undefined,
    }
  }
>
  <Image
    height={152}
    resizeMode="contain"
    source={
      {
        "testUri": "../../../src/assets/images/empty-state/phone.png",
      }
    }
    style={
      {
        "backgroundColor": undefined,
        "borderRadius": 50,
        "bottom": undefined,
        "flexGrow": undefined,
        "gap": undefined,
        "height": 293,
        "left": undefined,
        "marginBottom": undefined,
        "marginLeft": undefined,
        "marginRight": undefined,
        "marginTop": undefined,
        "maxHeight": 293,
        "maxWidth": undefined,
        "minHeight": undefined,
        "minWidth": undefined,
        "overflow": undefined,
        "paddingBottom": undefined,
        "paddingHorizontal": undefined,
        "paddingLeft": undefined,
        "paddingRight": undefined,
        "paddingTop": undefined,
        "paddingVertical": undefined,
        "position": undefined,
        "resizeMode": "contain",
        "right": undefined,
        "top": undefined,
        "width": 293,
        "zIndex": undefined,
      }
    }
    testID="empty-state-image-test-id"
    width={152}
  />
  <View
    alignItemsCenter={true}
    style={
      {
        "alignItems": "center",
        "backgroundColor": undefined,
        "bottom": undefined,
        "flex": undefined,
        "flexDirection": "column",
        "flexGrow": undefined,
        "gap": undefined,
        "height": undefined,
        "justifyContent": undefined,
        "left": undefined,
        "marginBottom": undefined,
        "marginLeft": undefined,
        "marginRight": undefined,
        "marginTop": undefined,
        "maxHeight": undefined,
        "maxWidth": undefined,
        "minHeight": undefined,
        "minWidth": undefined,
        "overflow": undefined,
        "paddingBottom": undefined,
        "paddingHorizontal": undefined,
        "paddingLeft": undefined,
        "paddingRight": undefined,
        "paddingTop": undefined,
        "paddingVertical": undefined,
        "position": undefined,
        "right": undefined,
        "top": undefined,
        "width": undefined,
        "zIndex": undefined,
      }
    }
  >
    <Text
      marginBottom={8}
      style={
        {
          "backgroundColor": undefined,
          "bottom": undefined,
          "color": "rgba(255, 255, 255, 1)",
          "flexGrow": undefined,
          "fontFamily": "Markpro-Medium",
          "fontSize": 18,
          "fontWeight": undefined,
          "gap": undefined,
          "height": undefined,
          "left": undefined,
          "letterSpacing": undefined,
          "marginBottom": 16,
          "marginLeft": undefined,
          "marginRight": undefined,
          "marginTop": undefined,
          "maxHeight": undefined,
          "maxWidth": undefined,
          "minHeight": undefined,
          "minWidth": undefined,
          "overflow": undefined,
          "paddingBottom": undefined,
          "paddingHorizontal": undefined,
          "paddingLeft": undefined,
          "paddingRight": undefined,
          "paddingTop": undefined,
          "paddingVertical": undefined,
          "position": undefined,
          "right": undefined,
          "textAlign": "center",
          "top": undefined,
          "width": undefined,
          "zIndex": undefined,
        }
      }
      testID="empty-state-desc-test-id"
    >
      Test
    </Text>
  </View>
</View>
`;
