// Jest Snapshot v1, https://goo.gl/fbAQLP

exports[`List -> Custom Component list ilk render anında snapshot ile eşleşmeli 1`] = `
[
  <View
    style={
      {
        "alignItems": undefined,
        "backgroundColor": undefined,
        "bottom": undefined,
        "flex": undefined,
        "flexDirection": "column",
        "flexGrow": undefined,
        "gap": undefined,
        "height": undefined,
        "justifyContent": undefined,
        "left": undefined,
        "marginBottom": undefined,
        "marginLeft": undefined,
        "marginRight": undefined,
        "marginTop": undefined,
        "maxHeight": undefined,
        "maxWidth": undefined,
        "overflow": undefined,
        "paddingBottom": undefined,
        "paddingHorizontal": undefined,
        "paddingLeft": undefined,
        "paddingRight": undefined,
        "paddingTop": undefined,
        "paddingVertical": undefined,
        "position": undefined,
        "right": undefined,
        "top": undefined,
        "width": undefined,
        "zIndex": undefined,
      }
    }
  >
    <View
      style={
        {
          "flex": 1,
          "overflow": "hidden",
        }
      }
    >
      <RCTScrollView
        ItemSeparatorComponent={[Function]}
        applyWindowCorrection={[Function]}
        canChangeSize={true}
        contentContainerStyle={
          {
            "backgroundColor": undefined,
            "minHeight": 1,
            "minWidth": 1,
            "paddingLeft": 0,
            "paddingRight": 0,
          }
        }
        contentHeight={9}
        contentWidth={400}
        data={
          [
            {
              "id": 1,
              "name": "Item 1",
            },
            {
              "id": 2,
              "name": "Item 2",
            },
            {
              "id": 3,
              "name": "Item 3",
            },
          ]
        }
        dataProvider={
          DataProvider {
            "_data": [
              {
                "id": 1,
                "name": "Item 1",
              },
              {
                "id": 2,
                "name": "Item 2",
              },
              {
                "id": 3,
                "name": "Item 3",
              },
            ],
            "_firstIndexToProcess": 0,
            "_hasStableIds": false,
            "_requiresDataChangeHandling": false,
            "_size": 3,
            "getStableId": [Function],
            "rowHasChanged": [Function],
          }
        }
        disableRecycling={false}
        estimatedItemSize={3}
        externalScrollView={[Function]}
        finalRenderAheadOffset={250}
        forceNonDeterministicRendering={true}
        horizontal={false}
        initialOffset={0}
        initialRenderIndex={0}
        isHorizontal={false}
        layoutProvider={
          GridLayoutProviderWithProps {
            "_acceptableRelayoutDelta": 1,
            "_getHeightOrWidth": [Function],
            "_getLayoutTypeForIndex": [Function],
            "_getSpan": [Function],
            "_hasExpired": false,
            "_isHorizontal": false,
            "_lastLayoutManager": GridLayoutManager {
              "_acceptableRelayoutDelta": 1,
              "_getSpan": [Function],
              "_isGridHorizontal": false,
              "_isHorizontal": false,
              "_layoutProvider": [Circular],
              "_layouts": [
                {
                  "height": 3,
                  "type": 0,
                  "width": 400,
                  "x": 0,
                  "y": 0,
                },
                {
                  "height": 3,
                  "type": 0,
                  "width": 400,
                  "x": 0,
                  "y": 3,
                },
                {
                  "height": 3,
                  "type": 0,
                  "width": 400,
                  "x": 0,
                  "y": 6,
                },
              ],
              "_maxSpan": 1,
              "_renderWindowSize": {
                "height": 900,
                "width": 400,
              },
              "_totalHeight": 9,
              "_totalWidth": 400,
              "_window": {
                "height": 900,
                "width": 400,
              },
            },
            "_maxSpan": 1,
            "_renderWindowSize": {
              "height": 900,
              "width": 400,
            },
            "_setLayoutForType": [Function],
            "_tempDim": {
              "height": 0,
              "width": 0,
            },
            "averageWindow": AverageWindow {
              "currentAverage": 3,
              "currentCount": 1,
              "inputValues": [
                3,
                ,
                ,
                ,
                ,
                ,
                ,
                ,
                ,
                ,
                ,
                ,
                ,
                ,
                ,
                ,
                ,
                ,
                ,
                ,
                ,
                ,
                ,
                ,
                ,
                ,
                ,
                ,
                ,
                ,
                ,
                ,
                ,
                ,
                ,
                ,
                ,
                ,
                ,
                ,
                ,
                ,
                ,
                ,
                ,
                ,
                ,
                ,
                ,
                ,
                ,
                ,
                ,
                ,
                ,
                ,
                ,
                ,
                ,
                ,
                ,
                ,
                ,
                ,
                ,
                ,
                ,
                ,
                ,
                ,
                ,
                ,
                ,
                ,
                ,
                ,
                ,
                ,
                ,
                ,
                ,
                ,
                ,
                ,
                ,
                ,
                ,
                ,
                ,
                ,
                ,
                ,
                ,
                ,
                ,
                ,
                ,
                ,
                ,
                ,
                ,
                ,
                ,
                ,
                ,
                ,
                ,
                ,
                ,
                ,
                ,
                ,
                ,
                ,
                ,
                ,
                ,
                ,
                ,
                ,
                ,
                ,
                ,
                ,
                ,
                ,
                ,
                ,
                ,
                ,
                ,
                ,
                ,
                ,
                ,
                ,
                ,
                ,
                ,
                ,
                ,
                ,
                ,
                ,
                ,
                ,
                ,
                ,
                ,
                ,
                ,
                ,
                ,
                ,
                ,
                ,
                ,
                ,
                ,
                ,
                ,
                ,
                ,
                ,
                ,
                ,
                ,
                ,
                ,
                ,
                ,
                ,
                ,
                ,
                ,
                ,
                ,
                ,
                ,
                ,
                ,
                ,
                ,
                ,
                ,
                ,
                ,
                ,
                ,
                ,
                ,
                ,
                ,
                ,
                ,
                ,
                ,
                ,
                ,
                ,
                ,
                ,
                ,
                ,
                ,
                ,
                ,
                ,
                ,
                ,
                ,
                ,
                ,
                ,
                ,
                ,
                ,
                ,
                ,
                ,
                ,
                ,
                ,
                ,
                ,
                ,
                ,
                ,
                ,
                ,
                ,
                ,
                ,
                ,
                ,
                ,
                ,
                ,
                ,
                ,
                ,
                ,
                ,
                ,
                ,
                ,
                ,
                ,
                ,
                ,
                ,
                ,
                ,
                ,
                ,
                ,
                ,
                ,
                ,
                ,
                ,
                ,
                ,
                ,
                ,
                ,
                ,
                ,
                ,
                ,
                ,
                ,
                ,
                ,
                ,
                ,
                ,
                ,
                ,
                ,
                ,
                ,
                ,
                ,
                ,
                ,
                ,
                ,
                ,
                ,
                ,
                ,
                ,
                ,
                ,
                ,
                ,
                ,
                ,
                ,
                ,
                ,
                ,
                ,
                ,
                ,
                ,
                ,
                ,
                ,
                ,
                ,
                ,
                ,
                ,
                ,
                ,
                ,
                ,
                ,
                ,
                ,
                ,
                ,
                ,
                ,
                ,
                ,
                ,
                ,
                ,
                ,
                ,
                ,
                ,
                ,
                ,
                ,
                ,
                ,
                ,
                ,
                ,
                ,
                ,
                ,
                ,
                ,
                ,
                ,
                ,
                ,
                ,
                ,
                ,
                ,
                ,
                ,
                ,
                ,
                ,
                ,
                ,
                ,
                ,
                ,
                ,
                ,
                ,
                ,
                ,
                ,
                ,
                ,
                ,
                ,
                ,
                ,
                ,
                ,
                ,
                ,
                ,
                ,
                ,
                ,
                ,
                ,
                ,
                ,
                ,
                ,
                ,
                ,
                ,
                ,
                ,
                ,
                ,
                ,
                ,
                ,
                ,
                ,
                ,
                ,
                ,
                ,
                ,
                ,
                ,
                ,
                ,
                ,
                ,
                ,
                ,
                ,
                ,
                ,
                ,
                ,
                ,
                ,
                ,
                ,
                ,
                ,
                ,
                ,
                ,
                ,
                ,
                ,
                ,
                ,
                ,
                ,
                ,
                ,
                ,
                ,
                ,
                ,
                ,
                ,
                ,
                ,
                ,
                ,
                ,
                ,
                ,
                ,
                ,
                ,
                ,
                ,
                ,
                ,
                ,
                ,
                ,
                ,
                ,
                ,
                ,
                ,
                ,
                ,
                ,
                ,
                ,
                ,
                ,
                ,
                ,
                ,
                ,
                ,
                ,
                ,
                ,
                ,
                ,
                ,
                ,
                ,
                ,
                ,
                ,
                ,
                ,
                ,
                ,
                ,
                ,
                ,
                ,
                ,
                ,
                ,
                ,
                ,
                ,
                ,
                ,
                ,
                ,
                ,
                ,
                ,
                ,
                ,
                ,
                ,
                ,
                ,
                ,
                ,
                ,
                ,
                ,
                ,
                ,
                ,
                ,
                ,
                ,
                ,
                ,
                ,
                ,
                ,
                ,
                ,
                ,
                ,
                ,
                ,
                ,
                ,
                ,
                ,
                ,
                ,
                ,
                ,
                ,
                ,
                ,
                ,
                ,
                ,
                ,
                ,
                ,
                ,
                ,
                ,
                ,
                ,
                ,
                ,
                ,
                ,
                ,
                ,
                ,
                ,
                ,
                ,
                ,
                ,
                ,
                ,
                ,
                ,
                ,
                ,
                ,
                ,
                ,
                ,
                ,
                ,
                ,
                ,
                ,
                ,
                ,
                ,
                ,
                ,
                ,
                ,
                ,
                ,
                ,
                ,
              ],
              "nextIndex": 1,
            },
            "defaultEstimatedItemSize": 100,
            "layoutObject": {
              "size": undefined,
              "span": undefined,
            },
            "props": {
              "ItemSeparatorComponent": [Function],
              "ListFooterComponent": undefined,
              "ListHeaderComponent": undefined,
              "data": [
                {
                  "id": 1,
                  "name": "Item 1",
                },
                {
                  "id": 2,
                  "name": "Item 2",
                },
                {
                  "id": 3,
                  "name": "Item 3",
                },
              ],
              "estimatedItemSize": 3,
              "horizontal": false,
              "numColumns": 1,
              "renderItem": undefined,
              "separatorHeight": 20,
              "separatorWidth": 2,
            },
            "renderWindowInsets": {
              "height": 0,
              "width": 0,
            },
            "shouldRefreshWithAnchoring": true,
          }
        }
        maxRenderAhead={750}
        numColumns={1}
        onEndReached={[Function]}
        onEndReachedThreshold={0}
        onEndReachedThresholdRelative={0}
        onItemLayout={[Function]}
        onLayout={[Function]}
        onScroll={[Function]}
        onScrollBeginDrag={[Function]}
        onSizeChanged={[Function]}
        onVisibleIndicesChanged={[Function]}
        removeClippedSubviews={false}
        renderAheadOffset={0}
        renderAheadStep={250}
        renderContentContainer={[Function]}
        renderItemContainer={[Function]}
        rowRenderer={[Function]}
        scrollEventThrottle={16}
        scrollThrottle={16}
        scrollViewProps={
          {
            "contentContainerStyle": {
              "backgroundColor": undefined,
              "minHeight": 1,
              "minWidth": 1,
              "paddingLeft": 0,
              "paddingRight": 0,
            },
            "onLayout": [Function],
            "onScrollBeginDrag": [Function],
            "refreshControl": undefined,
            "style": {
              "minHeight": 1,
              "minWidth": 1,
            },
          }
        }
        separatorHeight={20}
        separatorWidth={2}
        style={
          {
            "minHeight": 1,
            "minWidth": 1,
          }
        }
        suppressBoundedSizeException={true}
        windowCorrectionConfig={
          {
            "applyToInitialOffset": true,
            "applyToItemScroll": true,
            "value": {
              "endCorrection": 0,
              "startCorrection": 0,
              "windowShift": -0,
            },
          }
        }
      >
        <View>
          <View
            style={
              {
                "flexDirection": "column",
              }
            }
          >
            <View
              style={
                {
                  "paddingLeft": 0,
                  "paddingTop": 0,
                }
              }
            />
            <View
              style={
                [
                  undefined,
                  undefined,
                ]
              }
            />
            <AutoLayoutView
              enableInstrumentation={false}
              horizontal={false}
              onBlankAreaEvent={[Function]}
              onLayout={[Function]}
              renderAheadOffset={0}
              scrollOffset={0}
              style={
                {
                  "height": 9,
                  "width": 400,
                }
              }
              windowSize={900}
            >
              <CellContainer
                index={0}
                onLayout={[Function]}
                style={
                  {
                    "alignItems": "stretch",
                    "flexDirection": "column",
                    "left": 0,
                    "position": "absolute",
                    "top": 0,
                    "width": 400,
                  }
                }
              >
                <View
                  style={
                    {
                      "flexDirection": "column",
                    }
                  }
                />
                <View
                  style={
                    {
                      "backgroundColor": "rgba(34, 63, 70, 0.15)",
                      "bottom": undefined,
                      "flexGrow": undefined,
                      "gap": undefined,
                      "height": 39,
                      "left": undefined,
                      "marginBottom": undefined,
                      "marginLeft": undefined,
                      "marginRight": undefined,
                      "marginTop": undefined,
                      "maxHeight": 39,
                      "maxWidth": undefined,
                      "opacity": 1,
                      "overflow": undefined,
                      "paddingBottom": undefined,
                      "paddingHorizontal": undefined,
                      "paddingLeft": undefined,
                      "paddingRight": undefined,
                      "paddingTop": undefined,
                      "paddingVertical": undefined,
                      "position": undefined,
                      "right": undefined,
                      "top": undefined,
                      "width": "100%",
                      "zIndex": undefined,
                    }
                  }
                  variant="neutral-alpha-200"
                />
              </CellContainer>
              <CellContainer
                index={1}
                onLayout={[Function]}
                style={
                  {
                    "alignItems": "stretch",
                    "flexDirection": "column",
                    "left": 0,
                    "position": "absolute",
                    "top": 3,
                    "width": 400,
                  }
                }
              >
                <View
                  style={
                    {
                      "flexDirection": "column",
                    }
                  }
                />
                <View
                  style={
                    {
                      "backgroundColor": "rgba(34, 63, 70, 0.15)",
                      "bottom": undefined,
                      "flexGrow": undefined,
                      "gap": undefined,
                      "height": 39,
                      "left": undefined,
                      "marginBottom": undefined,
                      "marginLeft": undefined,
                      "marginRight": undefined,
                      "marginTop": undefined,
                      "maxHeight": 39,
                      "maxWidth": undefined,
                      "opacity": 1,
                      "overflow": undefined,
                      "paddingBottom": undefined,
                      "paddingHorizontal": undefined,
                      "paddingLeft": undefined,
                      "paddingRight": undefined,
                      "paddingTop": undefined,
                      "paddingVertical": undefined,
                      "position": undefined,
                      "right": undefined,
                      "top": undefined,
                      "width": "100%",
                      "zIndex": undefined,
                    }
                  }
                  variant="neutral-alpha-200"
                />
              </CellContainer>
              <CellContainer
                index={2}
                onLayout={[Function]}
                style={
                  {
                    "alignItems": "stretch",
                    "flexDirection": "column",
                    "left": 0,
                    "position": "absolute",
                    "top": 6,
                    "width": 400,
                  }
                }
              >
                <View
                  style={
                    {
                      "flexDirection": "column",
                    }
                  }
                />
              </CellContainer>
            </AutoLayoutView>
            <CellContainer
              index={-1}
              style={
                [
                  undefined,
                  undefined,
                ]
              }
            />
            <View
              style={
                {
                  "paddingBottom": 0,
                  "paddingRight": 0,
                }
              }
            />
          </View>
        </View>
      </RCTScrollView>
    </View>
  </View>,
  <View
    onLayout={[Function]}
    pointerEvents="box-none"
    style={
      [
        {
          "alignSelf": "center",
          "elevation": 999999,
          "flex": 0,
          "maxWidth": "100%",
          "position": "absolute",
          "zIndex": 999999,
        },
        {
          "flexDirection": "column-reverse",
          "justifyContent": "flex-start",
          "top": 30,
          "width": 750,
        },
      ]
    }
  >
    <View
      style={
        {
          "bottom": 0,
        }
      }
    >
      <RCTSafeAreaView />
    </View>
  </View>,
  <View
    onLayout={[Function]}
    pointerEvents="box-none"
    style={
      [
        {
          "alignSelf": "center",
          "elevation": 999999,
          "flex": 0,
          "maxWidth": "100%",
          "position": "absolute",
          "zIndex": 999999,
        },
        {
          "bottom": 40,
          "flexDirection": "column",
          "justifyContent": "flex-end",
          "width": 750,
        },
      ]
    }
  >
    <View
      style={
        {
          "bottom": 0,
        }
      }
    >
      <RCTSafeAreaView />
    </View>
  </View>,
]
`;
