// Jest Snapshot v1, https://goo.gl/fbAQLP

exports[`CreditCard Input -> Custom Input ilk render anında snapshot ile eşleşmeli 1`] = `
<TextInput
  autoCapitalize="sentences"
  editable={true}
  keyboardType="number-pad"
  maxLength={19}
  onChangeText={[Function]}
  placeholder="**** **** **** ****"
  style={
    [
      {
        "fontStyle": undefined,
        "fontWeight": undefined,
        "textDecorationLine": undefined,
      },
      {
        "backgroundColor": undefined,
        "bottom": undefined,
        "color": "rgba(255, 255, 255, 1)",
        "flexGrow": undefined,
        "fontSize": 18,
        "gap": undefined,
        "height": 89,
        "left": undefined,
        "letterSpacing": 0.5,
        "marginBottom": undefined,
        "marginLeft": undefined,
        "marginRight": undefined,
        "marginTop": undefined,
        "maxHeight": undefined,
        "maxWidth": undefined,
        "minHeight": undefined,
        "minWidth": undefined,
        "overflow": undefined,
        "paddingBottom": undefined,
        "paddingHorizontal": undefined,
        "paddingLeft": undefined,
        "paddingRight": undefined,
        "paddingTop": undefined,
        "paddingVertical": undefined,
        "position": undefined,
        "right": undefined,
        "top": undefined,
        "width": "100%",
        "zIndex": undefined,
      },
    ]
  }
  testID="input-test-id"
  value=""
/>
`;
