// Jest Snapshot v1, https://goo.gl/fbAQLP

exports[`Date Input -> Custom Input ilk render anında snapshot ile eşleşmeli 1`] = `
<View
  style={
    {
      "alignItems": undefined,
      "backgroundColor": undefined,
      "bottom": undefined,
      "flex": undefined,
      "flexDirection": "row",
      "flexGrow": undefined,
      "gap": undefined,
      "height": undefined,
      "justifyContent": undefined,
      "left": undefined,
      "marginBottom": undefined,
      "marginLeft": undefined,
      "marginRight": undefined,
      "marginTop": undefined,
      "maxHeight": undefined,
      "maxWidth": undefined,
      "minHeight": undefined,
      "minWidth": undefined,
      "overflow": undefined,
      "paddingBottom": undefined,
      "paddingHorizontal": undefined,
      "paddingLeft": undefined,
      "paddingRight": undefined,
      "paddingTop": undefined,
      "paddingVertical": undefined,
      "position": undefined,
      "right": undefined,
      "top": undefined,
      "width": undefined,
      "zIndex": undefined,
    }
  }
>
  <View
    accessibilityState={
      {
        "busy": undefined,
        "checked": undefined,
        "disabled": undefined,
        "expanded": undefined,
        "selected": undefined,
      }
    }
    accessibilityValue={
      {
        "max": undefined,
        "min": undefined,
        "now": undefined,
        "text": undefined,
      }
    }
    accessible={true}
    animated={false}
    collapsable={false}
    flex={0}
    focusable={true}
    height={89}
    justifyContentCenter={true}
    onBlur={[Function]}
    onClick={[Function]}
    onFocus={[Function]}
    onResponderGrant={[Function]}
    onResponderMove={[Function]}
    onResponderRelease={[Function]}
    onResponderTerminate={[Function]}
    onResponderTerminationRequest={[Function]}
    onStartShouldSetResponder={[Function]}
    size="full"
    style={
      {
        "alignItems": undefined,
        "backgroundColor": undefined,
        "bottom": undefined,
        "flex": 0,
        "flexDirection": "column",
        "flexGrow": undefined,
        "gap": undefined,
        "height": 171,
        "justifyContent": "center",
        "left": undefined,
        "marginBottom": undefined,
        "marginLeft": undefined,
        "marginRight": undefined,
        "marginTop": undefined,
        "maxHeight": 171,
        "maxWidth": undefined,
        "minHeight": undefined,
        "minWidth": undefined,
        "overflow": undefined,
        "paddingBottom": undefined,
        "paddingHorizontal": undefined,
        "paddingLeft": undefined,
        "paddingRight": undefined,
        "paddingTop": undefined,
        "paddingVertical": undefined,
        "position": undefined,
        "right": undefined,
        "top": undefined,
        "width": "100%",
        "zIndex": undefined,
      }
    }
    testID="date-input-value-container"
  >
    <Text
      style={
        {
          "backgroundColor": undefined,
          "bottom": undefined,
          "color": "rgba(161, 173, 175, 1)",
          "flexGrow": undefined,
          "fontFamily": "Markpro-Medium",
          "fontSize": 18,
          "fontWeight": undefined,
          "gap": undefined,
          "height": undefined,
          "left": undefined,
          "letterSpacing": 2,
          "marginBottom": undefined,
          "marginLeft": undefined,
          "marginRight": undefined,
          "marginTop": undefined,
          "maxHeight": undefined,
          "maxWidth": undefined,
          "minHeight": undefined,
          "minWidth": undefined,
          "overflow": undefined,
          "paddingBottom": undefined,
          "paddingHorizontal": undefined,
          "paddingLeft": undefined,
          "paddingRight": undefined,
          "paddingTop": undefined,
          "paddingVertical": undefined,
          "position": undefined,
          "right": undefined,
          "textAlign": "auto",
          "top": undefined,
          "width": undefined,
          "zIndex": undefined,
        }
      }
    >
      Lütfen bir tarih seçiniz
    </Text>
  </View>
  <View
    absolute={true}
    bottom={16}
    right={0}
    style={
      {
        "alignItems": undefined,
        "backgroundColor": undefined,
        "bottom": 31,
        "flex": undefined,
        "flexDirection": "column",
        "flexGrow": undefined,
        "gap": undefined,
        "height": undefined,
        "justifyContent": undefined,
        "left": undefined,
        "marginBottom": undefined,
        "marginLeft": undefined,
        "marginRight": undefined,
        "marginTop": undefined,
        "maxHeight": undefined,
        "maxWidth": undefined,
        "minHeight": undefined,
        "minWidth": undefined,
        "overflow": undefined,
        "paddingBottom": undefined,
        "paddingHorizontal": undefined,
        "paddingLeft": undefined,
        "paddingRight": undefined,
        "paddingTop": undefined,
        "paddingVertical": undefined,
        "position": "absolute",
        "right": 0,
        "top": undefined,
        "width": undefined,
        "zIndex": undefined,
      }
    }
  >
    <View
      style={
        {
          "alignItems": undefined,
          "backgroundColor": undefined,
          "bottom": undefined,
          "flex": undefined,
          "flexDirection": "column",
          "flexGrow": undefined,
          "gap": undefined,
          "height": undefined,
          "justifyContent": undefined,
          "left": undefined,
          "marginBottom": undefined,
          "marginLeft": undefined,
          "marginRight": undefined,
          "marginTop": undefined,
          "maxHeight": undefined,
          "maxWidth": undefined,
          "minHeight": undefined,
          "minWidth": undefined,
          "overflow": undefined,
          "paddingBottom": undefined,
          "paddingHorizontal": undefined,
          "paddingLeft": undefined,
          "paddingRight": undefined,
          "paddingTop": undefined,
          "paddingVertical": undefined,
          "position": undefined,
          "right": undefined,
          "top": undefined,
          "width": undefined,
          "zIndex": undefined,
        }
      }
    >
      <SvgMock
        fill="transparent"
        height={46}
        stroke="rgba(161, 173, 175, 1)"
        strokeLinecap="round"
        strokeLinejoin="round"
        strokeWidth={1}
        width={46}
      />
    </View>
  </View>
</View>
`;
