// Jest Snapshot v1, https://goo.gl/fbAQLP

exports[`Password Input -> Custom Input password input ilk render anında snapshot ile eşleşmeli 1`] = `
[
  <View
    style={
      {
        "alignItems": undefined,
        "backgroundColor": undefined,
        "bottom": undefined,
        "flex": undefined,
        "flexDirection": "row",
        "flexGrow": undefined,
        "gap": undefined,
        "height": undefined,
        "justifyContent": undefined,
        "left": undefined,
        "marginBottom": undefined,
        "marginLeft": undefined,
        "marginRight": undefined,
        "marginTop": undefined,
        "maxHeight": undefined,
        "maxWidth": undefined,
        "minHeight": undefined,
        "minWidth": undefined,
        "overflow": undefined,
        "paddingBottom": undefined,
        "paddingHorizontal": undefined,
        "paddingLeft": undefined,
        "paddingRight": undefined,
        "paddingTop": undefined,
        "paddingVertical": undefined,
        "position": undefined,
        "right": undefined,
        "top": undefined,
        "width": undefined,
        "zIndex": undefined,
      }
    }
  >
    <TextInput
      editable={true}
      keyboardType="number-pad"
      onChangeText={[Function]}
      placeholder="*******"
      secureTextEntry={true}
      style={
        {
          "backgroundColor": undefined,
          "bottom": undefined,
          "color": "rgba(255, 255, 255, 1)",
          "flexGrow": undefined,
          "fontFamily": "Markpro-Medium",
          "fontSize": 18,
          "gap": undefined,
          "height": 89,
          "left": undefined,
          "letterSpacing": 0.5,
          "marginBottom": undefined,
          "marginLeft": undefined,
          "marginRight": undefined,
          "marginTop": undefined,
          "maxHeight": undefined,
          "maxWidth": undefined,
          "minHeight": undefined,
          "minWidth": undefined,
          "overflow": undefined,
          "paddingBottom": undefined,
          "paddingHorizontal": undefined,
          "paddingLeft": undefined,
          "paddingRight": undefined,
          "paddingTop": undefined,
          "paddingVertical": undefined,
          "position": undefined,
          "right": undefined,
          "top": undefined,
          "width": "100%",
          "zIndex": undefined,
        }
      }
      testID="input-test-id"
    />
    <View
      accessibilityState={
        {
          "busy": undefined,
          "checked": undefined,
          "disabled": undefined,
          "expanded": undefined,
          "selected": undefined,
        }
      }
      accessibilityValue={
        {
          "max": undefined,
          "min": undefined,
          "now": undefined,
          "text": undefined,
        }
      }
      accessible={true}
      alignItemsCenter={true}
      animated={false}
      collapsable={false}
      focusable={true}
      justifyContentCenter={true}
      onBlur={[Function]}
      onClick={[Function]}
      onFocus={[Function]}
      onResponderGrant={[Function]}
      onResponderMove={[Function]}
      onResponderRelease={[Function]}
      onResponderTerminate={[Function]}
      onResponderTerminationRequest={[Function]}
      onStartShouldSetResponder={[Function]}
      style={
        {
          "alignItems": "center",
          "backgroundColor": undefined,
          "bottom": 0,
          "flex": 1,
          "flexDirection": "column",
          "flexGrow": undefined,
          "gap": undefined,
          "height": undefined,
          "justifyContent": "center",
          "left": undefined,
          "marginBottom": undefined,
          "marginLeft": undefined,
          "marginRight": undefined,
          "marginTop": undefined,
          "maxHeight": undefined,
          "maxWidth": undefined,
          "minHeight": undefined,
          "minWidth": undefined,
          "overflow": undefined,
          "paddingBottom": undefined,
          "paddingHorizontal": undefined,
          "paddingLeft": undefined,
          "paddingRight": undefined,
          "paddingTop": undefined,
          "paddingVertical": undefined,
          "position": "absolute",
          "right": 10,
          "top": 0,
          "width": undefined,
          "zIndex": undefined,
        }
      }
      testID="show-password-icon-test-id"
    >
      <View
        style={
          {
            "alignItems": undefined,
            "backgroundColor": undefined,
            "bottom": undefined,
            "flex": undefined,
            "flexDirection": "column",
            "flexGrow": undefined,
            "gap": undefined,
            "height": undefined,
            "justifyContent": undefined,
            "left": undefined,
            "marginBottom": undefined,
            "marginLeft": undefined,
            "marginRight": undefined,
            "marginTop": undefined,
            "maxHeight": undefined,
            "maxWidth": undefined,
            "minHeight": undefined,
            "minWidth": undefined,
            "overflow": undefined,
            "paddingBottom": undefined,
            "paddingHorizontal": undefined,
            "paddingLeft": undefined,
            "paddingRight": undefined,
            "paddingTop": undefined,
            "paddingVertical": undefined,
            "position": undefined,
            "right": undefined,
            "top": undefined,
            "width": undefined,
            "zIndex": undefined,
          }
        }
      >
        <SvgMock
          fill="transparent"
          height={46}
          stroke="rgba(161, 173, 175, 1)"
          strokeLinecap="round"
          strokeLinejoin="round"
          strokeWidth={1.5}
          width={46}
        />
      </View>
    </View>
  </View>,
  <View
    onLayout={[Function]}
    pointerEvents="box-none"
    style={
      [
        {
          "alignSelf": "center",
          "elevation": 999999,
          "flex": 0,
          "maxWidth": "100%",
          "position": "absolute",
          "zIndex": 999999,
        },
        {
          "flexDirection": "column-reverse",
          "justifyContent": "flex-start",
          "top": 30,
          "width": 750,
        },
      ]
    }
  >
    <View
      style={
        {
          "bottom": 0,
        }
      }
    >
      <RCTSafeAreaView />
    </View>
  </View>,
  <View
    onLayout={[Function]}
    pointerEvents="box-none"
    style={
      [
        {
          "alignSelf": "center",
          "elevation": 999999,
          "flex": 0,
          "maxWidth": "100%",
          "position": "absolute",
          "zIndex": 999999,
        },
        {
          "bottom": 40,
          "flexDirection": "column",
          "justifyContent": "flex-end",
          "width": 750,
        },
      ]
    }
  >
    <View
      style={
        {
          "bottom": 0,
        }
      }
    >
      <RCTSafeAreaView />
    </View>
  </View>,
]
`;
