// Jest Snapshot v1, https://goo.gl/fbAQLP

exports[`Phone Input -> Custom Input phone input ilk render anında snapshot ile eşleşmeli 1`] = `
<View
  style={
    {
      "alignItems": undefined,
      "backgroundColor": undefined,
      "bottom": undefined,
      "flex": undefined,
      "flexDirection": "row",
      "flexGrow": undefined,
      "gap": undefined,
      "height": undefined,
      "justifyContent": undefined,
      "left": undefined,
      "marginBottom": undefined,
      "marginLeft": undefined,
      "marginRight": undefined,
      "marginTop": undefined,
      "maxHeight": undefined,
      "maxWidth": undefined,
      "minHeight": undefined,
      "minWidth": undefined,
      "overflow": undefined,
      "paddingBottom": undefined,
      "paddingHorizontal": undefined,
      "paddingLeft": undefined,
      "paddingRight": undefined,
      "paddingTop": undefined,
      "paddingVertical": undefined,
      "position": undefined,
      "right": undefined,
      "top": undefined,
      "width": undefined,
      "zIndex": undefined,
    }
  }
>
  <TextInput
    autoCapitalize="sentences"
    editable={true}
    keyboardType="number-pad"
    maxLength={16}
    onChangeText={[Function]}
    placeholder="0(999) 999 99 99"
    style={
      [
        {
          "fontStyle": undefined,
          "fontWeight": undefined,
          "textDecorationLine": undefined,
        },
        {
          "backgroundColor": undefined,
          "bottom": undefined,
          "color": "rgba(255, 255, 255, 1)",
          "flexGrow": undefined,
          "fontSize": 18,
          "gap": undefined,
          "height": 89,
          "left": undefined,
          "letterSpacing": 0.5,
          "marginBottom": undefined,
          "marginLeft": undefined,
          "marginRight": undefined,
          "marginTop": undefined,
          "maxHeight": undefined,
          "maxWidth": undefined,
          "minHeight": undefined,
          "minWidth": undefined,
          "overflow": undefined,
          "paddingBottom": undefined,
          "paddingHorizontal": undefined,
          "paddingLeft": undefined,
          "paddingRight": undefined,
          "paddingTop": undefined,
          "paddingVertical": undefined,
          "position": undefined,
          "right": undefined,
          "top": undefined,
          "width": "100%",
          "zIndex": undefined,
        },
      ]
    }
    testID="input-test-id"
    value=""
  />
  <View
    absolute={true}
    bottom={16}
    right={0}
    style={
      {
        "alignItems": undefined,
        "backgroundColor": undefined,
        "bottom": 31,
        "flex": undefined,
        "flexDirection": "column",
        "flexGrow": undefined,
        "gap": undefined,
        "height": undefined,
        "justifyContent": undefined,
        "left": undefined,
        "marginBottom": undefined,
        "marginLeft": undefined,
        "marginRight": undefined,
        "marginTop": undefined,
        "maxHeight": undefined,
        "maxWidth": undefined,
        "minHeight": undefined,
        "minWidth": undefined,
        "overflow": undefined,
        "paddingBottom": undefined,
        "paddingHorizontal": undefined,
        "paddingLeft": undefined,
        "paddingRight": undefined,
        "paddingTop": undefined,
        "paddingVertical": undefined,
        "position": "absolute",
        "right": 0,
        "top": undefined,
        "width": undefined,
        "zIndex": undefined,
      }
    }
  >
    <View
      style={
        {
          "alignItems": undefined,
          "backgroundColor": undefined,
          "bottom": undefined,
          "flex": undefined,
          "flexDirection": "column",
          "flexGrow": undefined,
          "gap": undefined,
          "height": undefined,
          "justifyContent": undefined,
          "left": undefined,
          "marginBottom": undefined,
          "marginLeft": undefined,
          "marginRight": undefined,
          "marginTop": undefined,
          "maxHeight": undefined,
          "maxWidth": undefined,
          "minHeight": undefined,
          "minWidth": undefined,
          "overflow": undefined,
          "paddingBottom": undefined,
          "paddingHorizontal": undefined,
          "paddingLeft": undefined,
          "paddingRight": undefined,
          "paddingTop": undefined,
          "paddingVertical": undefined,
          "position": undefined,
          "right": undefined,
          "top": undefined,
          "width": undefined,
          "zIndex": undefined,
        }
      }
    >
      <SvgMock
        fill="transparent"
        height={46}
        stroke="rgba(161, 173, 175, 1)"
        strokeLinecap="round"
        strokeLinejoin="round"
        strokeWidth={1}
        width={46}
      />
    </View>
  </View>
</View>
`;
