// Jest Snapshot v1, https://goo.gl/fbAQLP

exports[`Timer -> Custom Component timer ilk render anında snapshot ile eşleşmeli 1`] = `
<View
  style={
    {
      "alignItems": undefined,
      "backgroundColor": undefined,
      "bottom": undefined,
      "flex": undefined,
      "flexDirection": "column",
      "flexGrow": undefined,
      "gap": undefined,
      "height": undefined,
      "justifyContent": undefined,
      "left": undefined,
      "marginBottom": undefined,
      "marginLeft": undefined,
      "marginRight": undefined,
      "marginTop": undefined,
      "maxHeight": undefined,
      "maxWidth": undefined,
      "minHeight": undefined,
      "minWidth": undefined,
      "overflow": undefined,
      "paddingBottom": undefined,
      "paddingHorizontal": undefined,
      "paddingLeft": undefined,
      "paddingRight": undefined,
      "paddingTop": undefined,
      "paddingVertical": undefined,
      "position": undefined,
      "right": undefined,
      "top": undefined,
      "width": undefined,
      "zIndex": undefined,
    }
  }
>
  <Text
    style={
      {
        "backgroundColor": undefined,
        "bottom": undefined,
        "color": "rgba(17, 17, 17, 1)",
        "flexGrow": undefined,
        "fontFamily": "Markpro-Bold",
        "fontSize": 18,
        "fontWeight": "bold",
        "gap": undefined,
        "height": undefined,
        "left": undefined,
        "letterSpacing": undefined,
        "marginBottom": undefined,
        "marginLeft": undefined,
        "marginRight": undefined,
        "marginTop": undefined,
        "maxHeight": undefined,
        "maxWidth": undefined,
        "minHeight": undefined,
        "minWidth": undefined,
        "overflow": undefined,
        "paddingBottom": undefined,
        "paddingHorizontal": undefined,
        "paddingLeft": undefined,
        "paddingRight": undefined,
        "paddingTop": undefined,
        "paddingVertical": undefined,
        "position": undefined,
        "right": undefined,
        "textAlign": "auto",
        "top": undefined,
        "width": undefined,
        "zIndex": undefined,
      }
    }
    testID="timerTestId"
  >
    0:00
  </Text>
</View>
`;
