// Jest Snapshot v1, https://goo.gl/fbAQLP

exports[`Content -> Custom Component ilk render anında snapshot ile eşleşmeli 1`] = `
<View
  style={
    {
      "alignItems": undefined,
      "backgroundColor": undefined,
      "borderBottomEndRadius": undefined,
      "borderBottomStartRadius": undefined,
      "borderRadius": undefined,
      "borderTopEndRadius": undefined,
      "borderTopStartRadius": undefined,
      "bottom": undefined,
      "flex": undefined,
      "flexDirection": "column",
      "flexGrow": undefined,
      "gap": undefined,
      "height": undefined,
      "justifyContent": undefined,
      "left": undefined,
      "marginBottom": undefined,
      "marginLeft": undefined,
      "marginRight": undefined,
      "marginTop": undefined,
      "maxHeight": undefined,
      "maxWidth": undefined,
      "minHeight": undefined,
      "minWidth": undefined,
      "overflow": undefined,
      "paddingBottom": undefined,
      "paddingHorizontal": 46,
      "paddingLeft": undefined,
      "paddingRight": undefined,
      "paddingTop": undefined,
      "paddingVertical": undefined,
      "position": undefined,
      "right": undefined,
      "top": undefined,
      "width": undefined,
      "zIndex": undefined,
    }
  }
/>
`;
